<html>
<body>
<pre>
<h1>礦ision Build Log</h1>
<h2>Tool Versions:</h2>
IDE-Version: μVision V5.26.2.0
Copyright (C) 2018 ARM Ltd and ARM Germany GmbH. All rights reserved.
License Information: abc lenovo, abc, LIC=D0D7S-LQ25K-JJT6S-LCJ1H-R47U9-6MSGL
 
Tool Versions:
Toolchain:       MDK-ARM Plus  Version: 5.26.2.0
Toolchain Path:  D:\SCM\KEIL MDK ARM\ARM\ARMCC\Bin
C Compiler:      Armcc.exe V5.06 update 6 (build 750)
Assembler:       Armasm.exe V5.06 update 6 (build 750)
Linker/Locator:  ArmLink.exe V5.06 update 6 (build 750)
Library Manager: ArmAr.exe V5.06 update 6 (build 750)
Hex Converter:   FromElf.exe V5.06 update 6 (build 750)
CPU DLL:         SARMCM3.DLL V5.26.2.0
Dialog DLL:      DCM.DLL V1.17.2.0
Target DLL:      STLink\ST-LINKIII-KEIL_SWO.dll V3.0.5.0
Dialog DLL:      TCM.DLL V1.36.1.0
 
<h2>Project:</h2>
E:\Study\嵌入式\第十一周 OLED\stm32_AHT20_OLED-main\Project\BH-F103.uvprojx
Project File Date:  11/18/2021

<h2>Output:</h2>
*** Using Compiler 'V5.06 update 6 (build 750)', folder: 'D:\SCM\KEIL MDK ARM\ARM\ARMCC\Bin'
Rebuild target 'Target 1'
assembling startup_stm32f10x_hd.s...
compiling system_stm32f10x.c...
compiling stm32f10x_can.c...
compiling stm32f10x_adc.c...
compiling stm32f10x_cec.c...
compiling stm32f10x_bkp.c...
compiling misc.c...
compiling core_cm3.c...
compiling stm32f10x_crc.c...
compiling stm32f10x_dbgmcu.c...
compiling stm32f10x_exti.c...
compiling stm32f10x_dac.c...
compiling stm32f10x_fsmc.c...
compiling stm32f10x_flash.c...
compiling stm32f10x_dma.c...
compiling stm32f10x_gpio.c...
compiling stm32f10x_pwr.c...
compiling stm32f10x_i2c.c...
compiling stm32f10x_iwdg.c...
compiling stm32f10x_rcc.c...
compiling stm32f10x_rtc.c...
compiling stm32f10x_sdio.c...
compiling stm32f10x_spi.c...
compiling stm32f10x_wwdg.c...
compiling stm32f10x_it.c...
compiling main.c...
compiling stm32f10x_tim.c...
compiling stm32f10x_usart.c...
compiling bsp_i2c.c...
..\User\myiic\bsp_i2c.c(383): warning:  #167-D: argument of type "char *" is incompatible with parameter of type "u8 *"
  	GUI_ShowString(53,20,strTemp,16,1);
..\User\myiic\bsp_i2c.c(385): warning:  #167-D: argument of type "char *" is incompatible with parameter of type "u8 *"
  	GUI_ShowString(53,38,strHumi,16,1);
..\User\myiic\bsp_i2c.c: 2 warnings, 0 errors
compiling delay.c...
compiling sys.c...
compiling spi.c...
compiling gui.c...
compiling usart.c...
compiling test.c...
compiling oled.c...
linking...
Program Size: Code=10368 RO-data=5480 RW-data=108 ZI-data=2308  
FromELF: creating hex file...
".\Objects\BH-F103.axf" - 0 Error(s), 2 Warning(s).

<h2>Software Packages used:</h2>

Package Vendor: Keil
                http://www.keil.com/pack/Keil.STM32F1xx_DFP.2.3.0.pack
                Keil.STM32F1xx_DFP.2.3.0
                STMicroelectronics STM32F1 Series Device Support, Drivers and Examples

<h2>Collection of Component include folders:</h2>
  .\RTE\_Target_1
  D:\SCM\KEIL MDK ARM\ARM\PACK\Keil\STM32F1xx_DFP\2.3.0\Device\Include

<h2>Collection of Component Files used:</h2>
Build Time Elapsed:  00:00:13
</pre>
</body>
</html>
