<html>
<body>
<pre>
<h1>µVision Build Log</h1>
<h2>Tool Versions:</h2>
IDE-Version: ¦ÌVision V5.37.0.0
Copyright (C) 2022 ARM Ltd and ARM Germany GmbH. All rights reserved.
License Information: xu lenovo, CQJT, LIC=WHYH9-4IZX8-01XP1-C23LU-9AMNN-85DAT
 
Tool Versions:
Toolchain:       MDK-ARM Plus  Version: 5.37.0.0
Toolchain Path:  D:\MDK5\ARM\ARMCC\Bin
C Compiler:      Armcc.exe V5.06 update 7 (build 960)
Assembler:       Armasm.exe V5.06 update 7 (build 960)
Linker/Locator:  ArmLink.exe V5.06 update 7 (build 960)
Library Manager: ArmAr.exe V5.06 update 7 (build 960)
Hex Converter:   FromElf.exe V5.06 update 7 (build 960)
CPU DLL:         SARMCM3.DLL V5.37.0.0
Dialog DLL:      DARMSTM.DLL V1.69.1.0
Target DLL:      STLink\ST-LINKIII-KEIL_SWO.dll V3.0.9.0
Dialog DLL:      TCM.DLL V1.56.1.0
 
<h2>Project:</h2>
D:\×ÀÃæ\Text11\MDK-ARM\Text11.uvprojx
Project File Date:  11/01/2022

<h2>Output:</h2>
*** Using Compiler 'V5.06 update 7 (build 960)', folder: 'D:\MDK5\ARM\ARMCC\Bin'
Rebuild target 'Text11'
assembling startup_stm32f103xb.s...
compiling gpio.c...
compiling stm32f1xx_hal_gpio_ex.c...
compiling stm32f1xx_hal_cortex.c...
compiling stm32f1xx_hal_tim.c...
compiling stm32f1xx_hal_msp.c...
compiling usart.c...
compiling stm32f1xx_hal_rcc.c...
compiling stm32f1xx_hal_uart.c...
compiling stm32f1xx_hal_pwr.c...
compiling stm32f1xx_hal_gpio.c...
compiling stm32f1xx_it.c...
compiling stm32f1xx_hal.c...
compiling stm32f1xx_hal_tim_ex.c...
compiling stm32f1xx_hal_dma.c...
compiling stm32f1xx_hal_rcc_ex.c...
compiling lib_ascii.c...
compiling main.c...
.\uC-CONFIG\app_cfg.h(85): warning:  #2775-D: white space is required between the macro name "APP_TRACE" and its replacement text
  #define APP_TRACE£¨void£©
../Core/Src/main.c: 1 warning, 0 errors
compiling lib_math.c...
assembling lib_mem_a.asm...
assembling os_cpu_a.s...
compiling os_cpu_c.c...
compiling lib_str.c...
compiling os_cfg_app.c...
compiling os_dbg.c...
compiling lib_mem.c...
compiling os_int.c...
compiling os_flag.c...
compiling os_core.c...
compiling os_mem.c...
compiling os_msg.c...
compiling os_pend_multi.c...
compiling os_mutex.c...
compiling os_prio.c...
compiling os_q.c...
compiling os_sem.c...
compiling stm32f1xx_hal_flash.c...
compiling stm32f1xx_hal_flash_ex.c...
compiling stm32f1xx_hal_exti.c...
compiling system_stm32f1xx.c...
compiling os_stat.c...
compiling os_tick.c...
compiling os_var.c...
compiling os_time.c...
compiling os_tmr.c...
compiling os_task.c...
assembling cpu_a.asm...
compiling os_app_hooks.c...
compiling cpu_core.c...
compiling cpu_c.c...
compiling bsp.c...
.\uC-CONFIG\app_cfg.h(85): warning:  #2775-D: white space is required between the macro name "APP_TRACE" and its replacement text
  #define APP_TRACE£¨void£©
uC-BSP\bsp.c: 1 warning, 0 errors
linking...
Program Size: Code=16892 RO-data=408 RW-data=264 ZI-data=14912  
FromELF: creating hex file...
"Text11\Text11.axf" - 0 Error(s), 2 Warning(s).

<h2>Software Packages used:</h2>

Package Vendor: ARM
                http://www.keil.com/pack/ARM.CMSIS.5.9.0.pack
                ARM.CMSIS.5.9.0
                CMSIS (Common Microcontroller Software Interface Standard)
   * Component: CORE Version: 5.6.0

Package Vendor: Keil
                http://www.keil.com/pack/Keil.STM32F1xx_DFP.2.4.0.pack
                Keil.STM32F1xx_DFP.2.4.0
                STMicroelectronics STM32F1 Series Device Support, Drivers and Examples

<h2>Collection of Component include folders:</h2>
  ./RTE/_Text11
  D:/MDK5/ARM/PACK/ARM/CMSIS/5.9.0/CMSIS/Core/Include
  D:/MDK5/ARM/PACK/Keil/STM32F1xx_DFP/2.4.0/Device/Include

<h2>Collection of Component Files used:</h2>

   * Component: ARM::CMSIS:CORE:5.6.0
      Include file:  CMSIS/Core/Include/tz_context.h
Build Time Elapsed:  00:00:09
</pre>
</body>
</html>
